../Core/Src/main.c:89:5:main	240	static
../Core/Src/main.c:196:6:SystemClock_Config	88	static
../Core/Src/main.c:243:13:MX_USART2_UART_Init	8	static
../Core/Src/main.c:276:13:MX_GPIO_Init	48	static
../Core/Src/main.c:319:6:StartDefaultTask	16	static
../Core/Src/main.c:338:6:StartTask02	16	static
../Core/Src/main.c:357:6:StartTask03	16	static
../Core/Src/main.c:376:6:StartTask04	16	static
../Core/Src/main.c:395:6:uart1	56	static
../Core/Src/main.c:418:6:uart2	56	static
../Core/Src/main.c:441:6:exthread	64	static
../Core/Src/main.c:458:6:Error_Handler	4	static,ignoring_inline_asm
