../Core/Src/main.c:82:5:main	192	static
../Core/Src/main.c:180:6:SystemClock_Config	88	static
../Core/Src/main.c:227:13:MX_USART2_UART_Init	8	static
../Core/Src/main.c:260:13:MX_GPIO_Init	48	static
../Core/Src/main.c:303:6:StartDefaultTask	16	static
../Core/Src/main.c:322:6:StartTask02	16	static
../Core/Src/main.c:341:6:StartTask03	16	static
../Core/Src/main.c:360:6:StartTask04	16	static
../Core/Src/main.c:379:6:uart1	24	static
../Core/Src/main.c:401:6:uart2	24	static
../Core/Src/main.c:420:6:Error_Handler	4	static,ignoring_inline_asm
